// Jest Snapshot v1, https://goo.gl/fbAQLP

exports[`Card renders inactive without crashing 1`] = `
<Card__StyledCard>
  <h3>
     â†’
  </h3>
  <p />
</Card__StyledCard>
`;
